{
  "chains": 1832,
  "chains_decoded": 2343,
  "commit": "a4d393dc3ba209d4533a4a5d8c7e104e44abc379",
  "cpu_s": 2.707269750000002,
  "cpu_s_per_mb": 11.75959199541305,
  "cpu_s_per_oriented_mb": 4.453537388220279,
  "decode_batch": 16,
  "decode_cpu_s": 1.566907165000001,
  "decode_wall_s": 1.5671740784309804,
  "decoder": "tensor",
  "device": "cpu",
  "encoder_cpu_s": 1.0903109409999996,
  "encoder_wall_s": 1.090608216356486,
  "genome_mb": 0.230218,
  "gff_bytes": 469982,
  "gff_out": "/tmp/lenin-scratch/chrom6/chrI_seg19_ov4096_w12288.gff3",
  "gff_rows": 6549,
  "gpu_s_per_mb": null,
  "io_cpu_s": 0.008526076000000105,
  "io_wall_s": 0.008526703342795372,
  "min_intron": 20,
  "oriented_bases": 607892,
  "output_cpu_s": 0.00817851600000008,
  "output_wall_s": 0.008179443888366222,
  "outputs_discarded": false,
  "overlap": 4096,
  "peak_device_mem_gib": null,
  "peak_host_rss_gib": 1.0194511413574219,
  "pooled_decoder": "learned",
  "preprocess_cpu_s": 0.03334705200000099,
  "preprocess_wall_s": 0.033381997141987085,
  "profile": "chromosome",
  "segments": 19,
  "seqid": "NC_001133.9",
  "sequence_bases": 230218,
  "source": {
    "source_dirs": [
      "model/a",
      "model/grammar"
    ],
    "source_dirty": false,
    "source_dirty_files": [],
    "source_files": 19,
    "source_sha256": "10c4f9f404f601381d56491d12649e1bb36552c2218a851ecd3275a81dc70710"
  },
  "species": "Saccharomyces_cerevisiae",
  "strands": "+-",
  "tiles": 76,
  "wall_s": 2.707870439160615,
  "wall_s_per_mb": 11.762201214329961,
  "window": 12288,
  "windows": 38
}
