{
  "chains": 1838,
  "chains_decoded": 1838,
  "commit": "c6e5fc7b095e7d3280a7f51581ba67b7180cdff2",
  "cpu_s": 5.8902027200000004,
  "cpu_s_per_mb": 25.58532660348018,
  "cpu_s_per_oriented_mb": 12.79266330174009,
  "decode_batch": 64,
  "decode_cpu_s": 3.124746365,
  "decode_wall_s": 3.181923860218376,
  "decoder": "tensor",
  "device": "cpu",
  "encoder_cpu_s": 1.0384751359999997,
  "encoder_wall_s": 1.0386443114839494,
  "genome_mb": 0.230218,
  "gff_bytes": 472236,
  "gff_out": "/tmp/lenin-scratch/chrom/chrI_ov0_b64_w24576.gff3",
  "gff_rows": 6580,
  "gpu_s_per_mb": null,
  "io_cpu_s": 0.008355000999999973,
  "io_wall_s": 0.008355631027370691,
  "min_intron": 20,
  "oriented_bases": 460436,
  "output_cpu_s": 0.0082622489999995,
  "output_wall_s": 0.008263757918030024,
  "outputs_discarded": false,
  "overlap": 0,
  "peak_device_mem_gib": null,
  "peak_host_rss_gib": 0.8975791931152344,
  "pooled_decoder": "learned",
  "preprocess_cpu_s": 1.7103639690000012,
  "preprocess_wall_s": 1.7106838780455291,
  "profile": "chromosome",
  "seqid": "NC_001133.9",
  "sequence_bases": 230218,
  "source": {
    "source_dirs": [
      "model/a",
      "model/grammar"
    ],
    "source_dirty": false,
    "source_dirty_files": [],
    "source_files": 19,
    "source_sha256": "39b2cd40666bfb7e7b1602c6be45c760c259f6663cfc9377e06a2d20dedfee36"
  },
  "species": "Saccharomyces_cerevisiae",
  "strands": "+-",
  "wall_s": 5.947871438693255,
  "wall_s_per_mb": 25.835822736246755,
  "window": 24576,
  "windows": 20
}
