{
  "chains": 1853,
  "chains_decoded": 1853,
  "commit": "c6e5fc7b095e7d3280a7f51581ba67b7180cdff2",
  "cpu_s": 5.821887057000003,
  "cpu_s_per_mb": 25.288583242839408,
  "cpu_s_per_oriented_mb": 12.644291621419704,
  "decode_batch": 16,
  "decode_cpu_s": 3.0831676890000015,
  "decode_wall_s": 3.138435282278806,
  "decoder": "tensor",
  "device": "cpu",
  "encoder_cpu_s": 0.9058526900000006,
  "encoder_wall_s": 0.9075133865699172,
  "genome_mb": 0.230218,
  "gff_bytes": 476457,
  "gff_out": "/tmp/lenin-scratch/chrom/chrI_ov0_b16_w12288.gff3",
  "gff_rows": 6638,
  "gpu_s_per_mb": null,
  "io_cpu_s": 0.008729309000000018,
  "io_wall_s": 0.008730617817491293,
  "min_intron": 20,
  "oriented_bases": 460436,
  "output_cpu_s": 0.008602661999999484,
  "output_wall_s": 0.008604515343904495,
  "outputs_discarded": false,
  "overlap": 0,
  "peak_device_mem_gib": null,
  "peak_host_rss_gib": 0.7311058044433594,
  "pooled_decoder": "learned",
  "preprocess_cpu_s": 1.8155347070000012,
  "preprocess_wall_s": 1.816106805112213,
  "profile": "chromosome",
  "seqid": "NC_001133.9",
  "sequence_bases": 230218,
  "source": {
    "source_dirs": [
      "model/a",
      "model/grammar"
    ],
    "source_dirty": false,
    "source_dirty_files": [],
    "source_files": 19,
    "source_sha256": "39b2cd40666bfb7e7b1602c6be45c760c259f6663cfc9377e06a2d20dedfee36"
  },
  "species": "Saccharomyces_cerevisiae",
  "strands": "+-",
  "wall_s": 5.879390607122332,
  "wall_s_per_mb": 25.5383619313969,
  "window": 12288,
  "windows": 38
}
