{
  "canonical_acceptors": null,
  "canonical_donors": null,
  "canonical_splice": false,
  "chains": 107,
  "chains_decoded": 148,
  "commit": "3fd9032b273fd3848f510a149da368e04d8cea1f",
  "cpu_s": 2.851558532999999,
  "cpu_s_per_mb": 12.38634048163045,
  "cpu_s_per_oriented_mb": 4.690896628019449,
  "decode_batch": 16,
  "decode_cpu_s": 1.5743139249999998,
  "decode_wall_s": 1.5742785041220486,
  "decoder": "tensor",
  "device": "cpu",
  "dtype": "float64",
  "encoded_bases": 680994,
  "encoder_cpu_s": 1.2340176939999998,
  "encoder_wall_s": 1.2341277967207134,
  "genome_mb": 0.230218,
  "gff_bytes": 23951,
  "gff_out": "/tmp/lenin-scratch/fit/score-scale-000-v3/NC_001133.9_seg19_ov4096_w12288_float64.gff3",
  "gff_rows": 338,
  "gpu_s_per_mb": null,
  "io_cpu_s": 0.008253688000000037,
  "io_wall_s": 0.008254483342170715,
  "margin": 491,
  "min_intron": 20,
  "oriented_bases": 607892,
  "output_cpu_s": 0.0006064669999994443,
  "output_wall_s": 0.0006070109084248543,
  "outputs_discarded": false,
  "overlap": 4096,
  "peak_device_mem_gib": null,
  "peak_host_rss_gib": 0.9576416015625,
  "pooled_decoder": "learned",
  "preprocess_cpu_s": 0.03436675900000008,
  "preprocess_wall_s": 0.03438463481143117,
  "profile": "chromosome",
  "seam_rebase": false,
  "segments": 19,
  "seqid": "NC_001133.9",
  "sequence_bases": 230218,
  "source": {
    "source_dirs": [
      "model/a",
      "model/grammar"
    ],
    "source_dirty": true,
    "source_dirty_files": [
      "model/a/chromosome.py",
      "model/a/splicepwm.py",
      "model/a/train.py"
    ],
    "source_files": 20,
    "source_sha256": "66e3e86a43db80b11600ea308dfedc90b789b61b8b4ec6f86893f005f83e5190"
  },
  "species": "Saccharomyces_cerevisiae",
  "splice_pwm": "/tmp/lenin-scratch/fit/pwm-v1/splicepwm.json",
  "splice_pwm_scale": 0.0,
  "splice_pwm_sha256": "a964e3e64c1ee3386fa421d7a9fd9630b29dbc3bb94fb08f41288e6bcb5a4f3a",
  "splice_pwm_sites": [
    67325,
    67325
  ],
  "splice_pwm_spans": {
    "acceptor": [
      -20,
      3
    ],
    "donor": [
      -3,
      6
    ]
  },
  "splice_pwm_weighting": "pooled",
  "strands": "+-",
  "tiles": 76,
  "wall_s": 2.8516524299047887,
  "wall_s_per_mb": 12.386748342461443,
  "window": 12288,
  "windows": 38
}
