{
  "canonical_acceptors": null,
  "canonical_donors": null,
  "canonical_splice": false,
  "chains": 6156,
  "chains_decoded": 6188,
  "commit": "3fd9032b273fd3848f510a149da368e04d8cea1f",
  "cpu_s": 190.67434560799998,
  "cpu_s_per_mb": 9.112631682962007,
  "cpu_s_per_oriented_mb": 4.540317673741593,
  "decode_batch": 16,
  "decode_cpu_s": 110.11296234200094,
  "decode_wall_s": 110.16651802649722,
  "decoder": "tensor",
  "device": "cpu",
  "dtype": "float64",
  "encoded_bases": 45371910,
  "encoder_cpu_s": 77.79443893599884,
  "encoder_wall_s": 77.85090910969302,
  "genome_mb": 20.92418,
  "gff_bytes": 1818166,
  "gff_out": "/tmp/lenin-scratch/fit/score-scale-000-v3/NC_003283.11_seg19_ov4096_w12288_float64.gff3",
  "gff_rows": 23400,
  "gpu_s_per_mb": null,
  "io_cpu_s": 0.4393980219999999,
  "io_wall_s": 0.43943363847211003,
  "margin": 491,
  "min_intron": 20,
  "oriented_bases": 41995816,
  "output_cpu_s": 0.02971299299997554,
  "output_wall_s": 0.029714304022490978,
  "outputs_discarded": false,
  "overlap": 4096,
  "peak_device_mem_gib": null,
  "peak_host_rss_gib": 2.0297393798828125,
  "pooled_decoder": "learned",
  "preprocess_cpu_s": 2.2978333150002186,
  "preprocess_wall_s": 2.3022827147506177,
  "profile": "chromosome",
  "seam_rebase": false,
  "segments": 19,
  "seqid": "NC_003283.11",
  "sequence_bases": 20924180,
  "source": {
    "source_dirs": [
      "model/a",
      "model/grammar"
    ],
    "source_dirty": true,
    "source_dirty_files": [
      "model/a/chromosome.py",
      "model/a/splicepwm.py",
      "model/a/train.py"
    ],
    "source_files": 20,
    "source_sha256": "66e3e86a43db80b11600ea308dfedc90b789b61b8b4ec6f86893f005f83e5190"
  },
  "species": "Caenorhabditis_elegans",
  "splice_pwm": "/tmp/lenin-scratch/fit/pwm-v1/splicepwm.json",
  "splice_pwm_scale": 0.0,
  "splice_pwm_sha256": "a964e3e64c1ee3386fa421d7a9fd9630b29dbc3bb94fb08f41288e6bcb5a4f3a",
  "splice_pwm_sites": [
    67325,
    67325
  ],
  "splice_pwm_spans": {
    "acceptor": [
      -20,
      3
    ],
    "donor": [
      -3,
      6
    ]
  },
  "splice_pwm_weighting": "pooled",
  "strands": "+-",
  "tiles": 3420,
  "wall_s": 190.78885779343545,
  "wall_s_per_mb": 9.118104403299697,
  "window": 12288,
  "windows": 38
}
