{
  "commit": "80d82b2921470c5463d2541373b31a3eefa88b1f",
  "cpu_s_per_mb": 35.87881860455404,
  "decode_batch": 1,
  "decode_cpu_s": 4.308797732,
  "decode_wall_s": 4.309186685830355,
  "decoder": "tensor",
  "device": "cpu",
  "encoder_cpu_s": 0.33355871900000134,
  "encoder_wall_s": 0.33364437334239483,
  "gpu_s_per_mb": null,
  "oriented_bases": 143653,
  "outputs_discarded": true,
  "peak_device_mem_gib": null,
  "peak_host_rss_gib": 0.33712005615234375,
  "preprocess_cpu_s": 0.5117434780000001,
  "preprocess_wall_s": 0.5118375709280372,
  "profile": "annotation-selected-windows",
  "seqid": "NC_001133.9",
  "source": {
    "source_dirs": [
      "model/a",
      "model/grammar"
    ],
    "source_dirty": false,
    "source_dirty_files": [],
    "source_files": 17,
    "source_sha256": "fc1a9e3af5c07971bf03625aab46996b287fc1ce398a813cc6c8c32195751c96"
  },
  "species": "Saccharomyces_cerevisiae",
  "wall_s_per_mb": 35.88277745748983,
  "windows": 94
}
