{
  "chains": 1832,
  "chains_decoded": 1832,
  "commit": "844056016e5a6304705c59684bf2e6082aec5799",
  "cpu_s": 9.445586180000003,
  "cpu_s_per_mb": 41.02887775934116,
  "cpu_s_per_oriented_mb": 20.51443887967058,
  "decode_batch": 16,
  "decode_cpu_s": 8.481086113999998,
  "decode_wall_s": 8.48209431860596,
  "decoder": "tensor",
  "device": "cpu",
  "encoded_bases": 495824,
  "encoder_cpu_s": 0.8970108189999983,
  "encoder_wall_s": 0.8971053822897375,
  "genome_mb": 0.230218,
  "gff_bytes": 469705,
  "gff_out": "/tmp/lenin-scratch/chrom9/chrI_seg1_ov4096_w12288.gff3",
  "gff_rows": 6545,
  "gpu_s_per_mb": null,
  "io_cpu_s": 0.008517614999999978,
  "io_wall_s": 0.008518393617123365,
  "margin": 491,
  "min_intron": 20,
  "oriented_bases": 460436,
  "output_cpu_s": 0.03177827800000088,
  "output_wall_s": 0.031779665034264326,
  "outputs_discarded": false,
  "overlap": 4096,
  "peak_device_mem_gib": null,
  "peak_host_rss_gib": 0.3596076965332031,
  "pooled_decoder": "learned",
  "preprocess_cpu_s": 0.027193354000004888,
  "preprocess_wall_s": 0.02721266821026802,
  "profile": "chromosome",
  "segments": 1,
  "seqid": "NC_001133.9",
  "sequence_bases": 230218,
  "source": {
    "source_dirs": [
      "model/a",
      "model/grammar"
    ],
    "source_dirty": false,
    "source_dirty_files": [],
    "source_files": 19,
    "source_sha256": "28b98e8487af41fa37d67e4326d72f8dba9ea442cc8c8339990bf3582c72350f"
  },
  "species": "Saccharomyces_cerevisiae",
  "strands": "+-",
  "tiles": 38,
  "wall_s": 9.446710427757353,
  "wall_s_per_mb": 41.03376116445001,
  "window": 12288,
  "windows": 2
}
