{
  "chains": 1832,
  "chains_decoded": 2180,
  "commit": "48f8a2baaa5f9c6a354b8135570df61cb3024263",
  "cpu_s": 4.185669310999998,
  "cpu_s_per_mb": 18.181329483359242,
  "cpu_s_per_oriented_mb": 7.602732751730999,
  "decode_batch": 16,
  "decode_cpu_s": 3.14943388,
  "decode_wall_s": 3.151422657072544,
  "decoder": "tensor",
  "device": "cpu",
  "encoder_cpu_s": 0.9921208870000005,
  "encoder_wall_s": 0.9925405508838594,
  "genome_mb": 0.230218,
  "gff_bytes": 470263,
  "gff_out": "/tmp/lenin-scratch/chrom3/chrI_ov2048_b16_w12288.gff3",
  "gff_rows": 6553,
  "gpu_s_per_mb": null,
  "io_cpu_s": 0.008210598000000235,
  "io_wall_s": 0.008210747502744198,
  "min_intron": 20,
  "oriented_bases": 550548,
  "output_cpu_s": 0.008524011999998748,
  "output_wall_s": 0.008533566724509,
  "outputs_discarded": false,
  "overlap": 2048,
  "peak_device_mem_gib": null,
  "peak_host_rss_gib": 0.7385368347167969,
  "pooled_decoder": "learned",
  "preprocess_cpu_s": 0.02737993399999894,
  "preprocess_wall_s": 0.02740334765985608,
  "profile": "chromosome",
  "seqid": "NC_001133.9",
  "sequence_bases": 230218,
  "source": {
    "source_dirs": [
      "model/a",
      "model/grammar"
    ],
    "source_dirty": false,
    "source_dirty_files": [],
    "source_files": 19,
    "source_sha256": "e81253eb8688da63b86a0aa12166033ef94fabf0a3b2132c874c4777dcb4065d"
  },
  "species": "Saccharomyces_cerevisiae",
  "strands": "+-",
  "wall_s": 4.188110869843513,
  "wall_s_per_mb": 18.191934904497096,
  "window": 12288,
  "windows": 46
}
