{
  "chains": 1832,
  "chains_decoded": 2769,
  "commit": "48f8a2baaa5f9c6a354b8135570df61cb3024263",
  "cpu_s": 4.197525252999995,
  "cpu_s_per_mb": 18.23282824540216,
  "cpu_s_per_oriented_mb": 6.15816034300636,
  "decode_batch": 64,
  "decode_cpu_s": 2.8768698510000004,
  "decode_wall_s": 2.87707106070593,
  "decoder": "tensor",
  "device": "cpu",
  "encoder_cpu_s": 1.268700967999996,
  "encoder_wall_s": 1.3258603839203715,
  "genome_mb": 0.230218,
  "gff_bytes": 469636,
  "gff_out": "/tmp/lenin-scratch/chrom3/chrI_ov4096_b64_w12288.gff3",
  "gff_rows": 6544,
  "gpu_s_per_mb": null,
  "io_cpu_s": 0.00824977700000007,
  "io_wall_s": 0.008250370156019926,
  "min_intron": 20,
  "oriented_bases": 681620,
  "output_cpu_s": 0.008352951999999192,
  "output_wall_s": 0.008354057557880878,
  "outputs_discarded": false,
  "overlap": 4096,
  "peak_device_mem_gib": null,
  "peak_host_rss_gib": 1.070526123046875,
  "pooled_decoder": "learned",
  "preprocess_cpu_s": 0.03535170499999918,
  "preprocess_wall_s": 0.035399023443460464,
  "profile": "chromosome",
  "seqid": "NC_001133.9",
  "sequence_bases": 230218,
  "source": {
    "source_dirs": [
      "model/a",
      "model/grammar"
    ],
    "source_dirty": false,
    "source_dirty_files": [],
    "source_files": 19,
    "source_sha256": "e81253eb8688da63b86a0aa12166033ef94fabf0a3b2132c874c4777dcb4065d"
  },
  "species": "Saccharomyces_cerevisiae",
  "strands": "+-",
  "wall_s": 4.254934895783663,
  "wall_s_per_mb": 18.48219902780696,
  "window": 12288,
  "windows": 56
}
