{
  "chains": 1853,
  "chains_decoded": 1853,
  "commit": "48f8a2baaa5f9c6a354b8135570df61cb3024263",
  "cpu_s": 3.7760443399999986,
  "cpu_s_per_mb": 16.402037807643183,
  "cpu_s_per_oriented_mb": 8.201018903821591,
  "decode_batch": 16,
  "decode_cpu_s": 2.9188287739999987,
  "decode_wall_s": 2.9205947713926435,
  "decoder": "tensor",
  "device": "cpu",
  "encoder_cpu_s": 0.8170111819999994,
  "encoder_wall_s": 0.8170933751389384,
  "genome_mb": 0.230218,
  "gff_bytes": 476457,
  "gff_out": "/tmp/lenin-scratch/chrom3/chrI_ov0_b16_w12288.gff3",
  "gff_rows": 6638,
  "gpu_s_per_mb": null,
  "io_cpu_s": 0.008381453999999788,
  "io_wall_s": 0.008382345084100962,
  "min_intron": 20,
  "oriented_bases": 460436,
  "output_cpu_s": 0.008466748000000912,
  "output_wall_s": 0.008468635845929384,
  "outputs_discarded": false,
  "overlap": 0,
  "peak_device_mem_gib": null,
  "peak_host_rss_gib": 0.7285728454589844,
  "pooled_decoder": "learned",
  "preprocess_cpu_s": 0.02335618199999967,
  "preprocess_wall_s": 0.02337860642001033,
  "profile": "chromosome",
  "seqid": "NC_001133.9",
  "sequence_bases": 230218,
  "source": {
    "source_dirs": [
      "model/a",
      "model/grammar"
    ],
    "source_dirty": false,
    "source_dirty_files": [],
    "source_files": 19,
    "source_sha256": "e81253eb8688da63b86a0aa12166033ef94fabf0a3b2132c874c4777dcb4065d"
  },
  "species": "Saccharomyces_cerevisiae",
  "strands": "+-",
  "wall_s": 3.7779177338816226,
  "wall_s_per_mb": 16.410175285519042,
  "window": 12288,
  "windows": 38
}
