{
  "chains": 1853,
  "chains_decoded": 1853,
  "commit": "48f8a2baaa5f9c6a354b8135570df61cb3024263",
  "cpu_s": 3.108768296,
  "cpu_s_per_mb": 13.50358484566802,
  "cpu_s_per_oriented_mb": 6.75179242283401,
  "decode_batch": 64,
  "decode_cpu_s": 2.2251394040000005,
  "decode_wall_s": 2.226527431048453,
  "decoder": "tensor",
  "device": "cpu",
  "encoder_cpu_s": 0.8421508499999981,
  "encoder_wall_s": 0.8953638607636094,
  "genome_mb": 0.230218,
  "gff_bytes": 476457,
  "gff_out": "/tmp/lenin-scratch/chrom3/chrI_ov0_b64_w12288.gff3",
  "gff_rows": 6638,
  "gpu_s_per_mb": null,
  "io_cpu_s": 0.008333367000000091,
  "io_wall_s": 0.008334162645041943,
  "min_intron": 20,
  "oriented_bases": 460436,
  "output_cpu_s": 0.008554495000000273,
  "output_wall_s": 0.008556278422474861,
  "outputs_discarded": false,
  "overlap": 0,
  "peak_device_mem_gib": null,
  "peak_host_rss_gib": 0.8115425109863281,
  "pooled_decoder": "learned",
  "preprocess_cpu_s": 0.024590180000001016,
  "preprocess_wall_s": 0.028319505508989096,
  "profile": "chromosome",
  "seqid": "NC_001133.9",
  "sequence_bases": 230218,
  "source": {
    "source_dirs": [
      "model/a",
      "model/grammar"
    ],
    "source_dirty": false,
    "source_dirty_files": [],
    "source_files": 19,
    "source_sha256": "e81253eb8688da63b86a0aa12166033ef94fabf0a3b2132c874c4777dcb4065d"
  },
  "species": "Saccharomyces_cerevisiae",
  "strands": "+-",
  "wall_s": 3.167101238388568,
  "wall_s_per_mb": 13.756966172882086,
  "window": 12288,
  "windows": 38
}
