{
  "chains": 1832,
  "chains_decoded": 2180,
  "commit": "48f8a2baaa5f9c6a354b8135570df61cb3024263",
  "cpu_s": 3.5589019609999992,
  "cpu_s_per_mb": 15.45883450034315,
  "cpu_s_per_oriented_mb": 6.46429005463647,
  "decode_batch": 64,
  "decode_cpu_s": 2.5044764480000046,
  "decode_wall_s": 2.5160726006142795,
  "decoder": "tensor",
  "device": "cpu",
  "encoder_cpu_s": 1.0107474379999983,
  "encoder_wall_s": 1.010848174802959,
  "genome_mb": 0.230218,
  "gff_bytes": 470263,
  "gff_out": "/tmp/lenin-scratch/chrom3/chrI_ov2048_b64_w12288.gff3",
  "gff_rows": 6553,
  "gpu_s_per_mb": null,
  "io_cpu_s": 0.008234000999999491,
  "io_wall_s": 0.008234512060880661,
  "min_intron": 20,
  "oriented_bases": 550548,
  "output_cpu_s": 0.008432164999999436,
  "output_wall_s": 0.008433363866060972,
  "outputs_discarded": false,
  "overlap": 2048,
  "peak_device_mem_gib": null,
  "peak_host_rss_gib": 0.9253311157226562,
  "pooled_decoder": "learned",
  "preprocess_cpu_s": 0.02701190899999739,
  "preprocess_wall_s": 0.0270367874763906,
  "profile": "chromosome",
  "seqid": "NC_001133.9",
  "sequence_bases": 230218,
  "source": {
    "source_dirs": [
      "model/a",
      "model/grammar"
    ],
    "source_dirty": false,
    "source_dirty_files": [],
    "source_files": 19,
    "source_sha256": "e81253eb8688da63b86a0aa12166033ef94fabf0a3b2132c874c4777dcb4065d"
  },
  "species": "Saccharomyces_cerevisiae",
  "strands": "+-",
  "wall_s": 3.5706254388205707,
  "wall_s_per_mb": 15.509757876536893,
  "window": 12288,
  "windows": 46
}
