{
  "chains": 1832,
  "chains_decoded": 2769,
  "commit": "d9ea0f80f3e4b1eb354dbad30a58158a14cd7512",
  "cpu_s": 3.2694165949999996,
  "cpu_s_per_mb": 14.201394308872457,
  "cpu_s_per_oriented_mb": 4.796538533200316,
  "decode_batch": 64,
  "decode_cpu_s": 1.9467626850000004,
  "decode_wall_s": 1.9470590413548052,
  "decoder": "tensor",
  "device": "cpu",
  "encoder_cpu_s": 1.2713077079999993,
  "encoder_wall_s": 1.2714694165624678,
  "genome_mb": 0.230218,
  "gff_bytes": 469636,
  "gff_out": "/tmp/lenin-scratch/chrom5/chrI_ov4096_b64_w12288.gff3",
  "gff_rows": 6544,
  "gpu_s_per_mb": null,
  "io_cpu_s": 0.008544885000000058,
  "io_wall_s": 0.008545107673853636,
  "min_intron": 20,
  "oriented_bases": 681620,
  "output_cpu_s": 0.008582855000000222,
  "output_wall_s": 0.008584479335695505,
  "outputs_discarded": false,
  "overlap": 4096,
  "peak_device_mem_gib": null,
  "peak_host_rss_gib": 0.8134841918945312,
  "pooled_decoder": "learned",
  "preprocess_cpu_s": 0.03421846199999967,
  "preprocess_wall_s": 0.03424448519945145,
  "profile": "chromosome",
  "seqid": "NC_001133.9",
  "sequence_bases": 230218,
  "source": {
    "source_dirs": [
      "model/a",
      "model/grammar"
    ],
    "source_dirty": false,
    "source_dirty_files": [],
    "source_files": 19,
    "source_sha256": "5abe2f5507e7b72e33ae0779043cb598239ade0614f66cfdaa3b1da1218faf41"
  },
  "species": "Saccharomyces_cerevisiae",
  "strands": "+-",
  "wall_s": 3.2699025301262736,
  "wall_s_per_mb": 14.203505069656906,
  "window": 12288,
  "windows": 56
}
