{
  "chains": 1832,
  "chains_decoded": 2180,
  "commit": "d9ea0f80f3e4b1eb354dbad30a58158a14cd7512",
  "cpu_s": 3.5270906229999976,
  "cpu_s_per_mb": 15.3206553049718,
  "cpu_s_per_oriented_mb": 6.406508829384536,
  "decode_batch": 16,
  "decode_cpu_s": 2.471983072999999,
  "decode_wall_s": 2.472503033466637,
  "decoder": "tensor",
  "device": "cpu",
  "encoder_cpu_s": 1.009921836999999,
  "encoder_wall_s": 1.0100445747375488,
  "genome_mb": 0.230218,
  "gff_bytes": 470263,
  "gff_out": "/tmp/lenin-scratch/chrom5/chrI_ov2048_b16_w12288.gff3",
  "gff_rows": 6553,
  "gpu_s_per_mb": null,
  "io_cpu_s": 0.008665391999999716,
  "io_wall_s": 0.008665924426168203,
  "min_intron": 20,
  "oriented_bases": 550548,
  "output_cpu_s": 0.008494059999999415,
  "output_wall_s": 0.00849640928208828,
  "outputs_discarded": false,
  "overlap": 2048,
  "peak_device_mem_gib": null,
  "peak_host_rss_gib": 0.5972633361816406,
  "pooled_decoder": "learned",
  "preprocess_cpu_s": 0.028026261000000385,
  "preprocess_wall_s": 0.028049951884895563,
  "profile": "chromosome",
  "seqid": "NC_001133.9",
  "sequence_bases": 230218,
  "source": {
    "source_dirs": [
      "model/a",
      "model/grammar"
    ],
    "source_dirty": false,
    "source_dirty_files": [],
    "source_files": 19,
    "source_sha256": "5abe2f5507e7b72e33ae0779043cb598239ade0614f66cfdaa3b1da1218faf41"
  },
  "species": "Saccharomyces_cerevisiae",
  "strands": "+-",
  "wall_s": 3.527759893797338,
  "wall_s_per_mb": 15.323562422561823,
  "window": 12288,
  "windows": 46
}
