{
  "chains": 1853,
  "chains_decoded": 1853,
  "commit": "d9ea0f80f3e4b1eb354dbad30a58158a14cd7512",
  "cpu_s": 3.2643273230000007,
  "cpu_s_per_mb": 14.179287992250826,
  "cpu_s_per_oriented_mb": 7.089643996125413,
  "decode_batch": 16,
  "decode_cpu_s": 2.3859763010000004,
  "decode_wall_s": 2.3864394426345825,
  "decoder": "tensor",
  "device": "cpu",
  "encoder_cpu_s": 0.8370137589999995,
  "encoder_wall_s": 0.8370993491262197,
  "genome_mb": 0.230218,
  "gff_bytes": 476457,
  "gff_out": "/tmp/lenin-scratch/chrom5/chrI_ov0_b16_w12288.gff3",
  "gff_rows": 6638,
  "gpu_s_per_mb": null,
  "io_cpu_s": 0.008553056999999864,
  "io_wall_s": 0.008553669787943363,
  "min_intron": 20,
  "oriented_bases": 460436,
  "output_cpu_s": 0.008740848999999606,
  "output_wall_s": 0.008743051905184984,
  "outputs_discarded": false,
  "overlap": 0,
  "peak_device_mem_gib": null,
  "peak_host_rss_gib": 0.5967826843261719,
  "pooled_decoder": "learned",
  "preprocess_cpu_s": 0.024043357000001375,
  "preprocess_wall_s": 0.024062104988843203,
  "profile": "chromosome",
  "seqid": "NC_001133.9",
  "sequence_bases": 230218,
  "source": {
    "source_dirs": [
      "model/a",
      "model/grammar"
    ],
    "source_dirty": false,
    "source_dirty_files": [],
    "source_files": 19,
    "source_sha256": "5abe2f5507e7b72e33ae0779043cb598239ade0614f66cfdaa3b1da1218faf41"
  },
  "species": "Saccharomyces_cerevisiae",
  "strands": "+-",
  "wall_s": 3.264897618442774,
  "wall_s_per_mb": 14.18176518970182,
  "window": 12288,
  "windows": 38
}
