{
  "chains": 24565,
  "chains_decoded": 25342,
  "commit": "aee01343bf8fbf4921166943f780800e457c9887",
  "cpu_s": 20.955013297,
  "cpu_s_per_mb": 8.543013791118451,
  "cpu_s_per_oriented_mb": 4.146861803617574,
  "decode_batch": 16,
  "decode_cpu_s": 10.97389974600003,
  "decode_wall_s": 10.975797732826322,
  "decoder": "tensor",
  "device": "cpu",
  "dtype": "float32",
  "encoded_bases": 5463734,
  "encoder_cpu_s": 9.531085272999992,
  "encoder_wall_s": 9.553525603376329,
  "genome_mb": 2.452883,
  "gff_bytes": 6588100,
  "gff_out": "/tmp/lenin-scratch/pombe/A-f32/NC_003421.2_seg19_ov4096_w12288_f32.gff3",
  "gff_rows": 87794,
  "gpu_s_per_mb": null,
  "io_cpu_s": 0.0655517029999999,
  "io_wall_s": 0.06556262355297804,
  "margin": 491,
  "min_intron": 20,
  "oriented_bases": 5053222,
  "output_cpu_s": 0.1137938769999991,
  "output_wall_s": 0.11380390916019678,
  "outputs_discarded": false,
  "overlap": 4096,
  "peak_device_mem_gib": null,
  "peak_host_rss_gib": 0.8058891296386719,
  "pooled_decoder": "learned",
  "preprocess_cpu_s": 0.27068269799998035,
  "preprocess_wall_s": 0.27401771070435643,
  "profile": "chromosome",
  "seam_rebase": true,
  "segments": 19,
  "seqid": "NC_003421.2",
  "sequence_bases": 2452883,
  "source": {
    "source_dirs": [
      "model/a",
      "model/grammar"
    ],
    "source_dirty": false,
    "source_dirty_files": [],
    "source_files": 19,
    "source_sha256": "96daf90592115c7fab4ac4c802ad892db070c2ac27d52b73561c2e0500c6a3a1"
  },
  "species": "Schizosaccharomyces_pombe",
  "strands": "+-",
  "tiles": 418,
  "wall_s": 20.982707579620183,
  "wall_s_per_mb": 8.554304294016545,
  "window": 12288,
  "windows": 38
}
