{
  "chains": 44130,
  "chains_decoded": 44804,
  "commit": "aee01343bf8fbf4921166943f780800e457c9887",
  "cpu_s": 37.059628264000004,
  "cpu_s_per_mb": 8.163266137480825,
  "cpu_s_per_oriented_mb": 4.016405246999479,
  "decode_batch": 16,
  "decode_cpu_s": 19.41915454599986,
  "decode_wall_s": 19.42117087589577,
  "decoder": "tensor",
  "device": "cpu",
  "dtype": "float32",
  "encoded_bases": 9974338,
  "encoder_cpu_s": 16.835890791000146,
  "encoder_wall_s": 16.84156282339245,
  "genome_mb": 4.539804,
  "gff_bytes": 12011382,
  "gff_out": "/tmp/lenin-scratch/pombe/A-f32/NC_003423.3_seg19_ov4096_w12288_f32.gff3",
  "gff_rows": 158829,
  "gpu_s_per_mb": null,
  "io_cpu_s": 0.054036928000000095,
  "io_wall_s": 0.054046579636633396,
  "margin": 491,
  "min_intron": 20,
  "oriented_bases": 9227064,
  "output_cpu_s": 0.2637568390000027,
  "output_wall_s": 0.26391086308285594,
  "outputs_discarded": false,
  "overlap": 4096,
  "peak_device_mem_gib": null,
  "peak_host_rss_gib": 0.9052391052246094,
  "pooled_decoder": "learned",
  "preprocess_cpu_s": 0.4867891599999936,
  "preprocess_wall_s": 0.48705250350758433,
  "profile": "chromosome",
  "seam_rebase": true,
  "segments": 19,
  "seqid": "NC_003423.3",
  "sequence_bases": 4539804,
  "source": {
    "source_dirs": [
      "model/a",
      "model/grammar"
    ],
    "source_dirty": false,
    "source_dirty_files": [],
    "source_files": 19,
    "source_sha256": "96daf90592115c7fab4ac4c802ad892db070c2ac27d52b73561c2e0500c6a3a1"
  },
  "species": "Schizosaccharomyces_pombe",
  "strands": "+-",
  "tiles": 760,
  "wall_s": 37.06774364551529,
  "wall_s_per_mb": 8.165053743623137,
  "window": 12288,
  "windows": 38
}
