{
  "chains": 53243,
  "chains_decoded": 53958,
  "commit": "aee01343bf8fbf4921166943f780800e457c9887",
  "cpu_s": 45.978010938000004,
  "cpu_s_per_mb": 8.241067373371456,
  "cpu_s_per_oriented_mb": 4.066791217579913,
  "decode_batch": 16,
  "decode_cpu_s": 24.120124980000092,
  "decode_wall_s": 24.121570581104606,
  "decoder": "tensor",
  "device": "cpu",
  "dtype": "float32",
  "encoded_bases": 12242256,
  "encoder_cpu_s": 20.906905161999866,
  "encoder_wall_s": 20.914526778273284,
  "genome_mb": 5.579133,
  "gff_bytes": 14526281,
  "gff_out": "/tmp/lenin-scratch/pombe/A-f32/NC_003424.3_seg19_ov4096_w12288_f32.gff3",
  "gff_rows": 191733,
  "gpu_s_per_mb": null,
  "io_cpu_s": 0.03724687100000007,
  "io_wall_s": 0.03724986454471946,
  "margin": 491,
  "min_intron": 20,
  "oriented_bases": 11305722,
  "output_cpu_s": 0.3088309890000005,
  "output_wall_s": 0.3088554460555315,
  "outputs_discarded": false,
  "overlap": 4096,
  "peak_device_mem_gib": null,
  "peak_host_rss_gib": 0.9704971313476562,
  "pooled_decoder": "learned",
  "preprocess_cpu_s": 0.6049029360000446,
  "preprocess_wall_s": 0.6052175308577716,
  "profile": "chromosome",
  "seam_rebase": true,
  "segments": 19,
  "seqid": "NC_003424.3",
  "sequence_bases": 5579133,
  "source": {
    "source_dirs": [
      "model/a",
      "model/grammar"
    ],
    "source_dirty": false,
    "source_dirty_files": [],
    "source_files": 19,
    "source_sha256": "96daf90592115c7fab4ac4c802ad892db070c2ac27d52b73561c2e0500c6a3a1"
  },
  "species": "Schizosaccharomyces_pombe",
  "strands": "+-",
  "tiles": 950,
  "wall_s": 45.98742020083591,
  "wall_s_per_mb": 8.242753883235247,
  "window": 12288,
  "windows": 38
}
