{
  "canonical_acceptors": [
    "AG"
  ],
  "canonical_donors": [
    "GT",
    "GC"
  ],
  "canonical_splice": true,
  "chains": 109,
  "chains_decoded": 150,
  "commit": "77c04bc0adb7fc20f501bdebf384be3837b20f89",
  "cpu_s": 2.7942607699999997,
  "cpu_s_per_mb": 12.13745567244959,
  "cpu_s_per_oriented_mb": 4.59664014331493,
  "decode_batch": 16,
  "decode_cpu_s": 1.4749113329999992,
  "decode_wall_s": 1.4749653227627277,
  "decoder": "tensor",
  "device": "cpu",
  "dtype": "float64",
  "encoded_bases": 680994,
  "encoder_cpu_s": 1.276210320999998,
  "encoder_wall_s": 1.2764030215330422,
  "genome_mb": 0.230218,
  "gff_bytes": 24245,
  "gff_out": "/tmp/lenin-scratch/fit/score-canonical-v3/NC_001133.9_seg19_ov4096_w12288_float64.gff3",
  "gff_rows": 342,
  "gpu_s_per_mb": null,
  "io_cpu_s": 0.008244373000000027,
  "io_wall_s": 0.00824514590203762,
  "margin": 491,
  "min_intron": 20,
  "oriented_bases": 607892,
  "output_cpu_s": 0.0006242359999997227,
  "output_wall_s": 0.0006246045231819153,
  "outputs_discarded": false,
  "overlap": 4096,
  "peak_device_mem_gib": null,
  "peak_host_rss_gib": 0.9575653076171875,
  "pooled_decoder": "learned",
  "preprocess_cpu_s": 0.03427050700000267,
  "preprocess_wall_s": 0.03434166079387069,
  "profile": "chromosome",
  "seam_rebase": false,
  "segments": 19,
  "seqid": "NC_001133.9",
  "sequence_bases": 230218,
  "source": {
    "source_dirs": [
      "model/a",
      "model/grammar"
    ],
    "source_dirty": false,
    "source_dirty_files": [],
    "source_files": 19,
    "source_sha256": "81e9de6e0814ef5d9e7eb34039a47d209e9e379678be45ec0bbe5404318e1081"
  },
  "species": "Saccharomyces_cerevisiae",
  "strands": "+-",
  "tiles": 76,
  "wall_s": 2.79457975551486,
  "wall_s_per_mb": 12.138841252703351,
  "window": 12288,
  "windows": 38
}
