{
  "canonical_acceptors": null,
  "canonical_donors": null,
  "canonical_splice": false,
  "chains": 113,
  "chains_decoded": 156,
  "commit": "2886763d0cda108bc66992db871a381ef215de08",
  "cpu_s": 2.9121754940000004,
  "cpu_s_per_mb": 12.649642921057435,
  "cpu_s_per_oriented_mb": 4.7906132898606995,
  "decode_batch": 16,
  "decode_cpu_s": 1.657213418000003,
  "decode_wall_s": 1.6797842918895185,
  "decoder": "tensor",
  "device": "cpu",
  "dtype": "float64",
  "encoded_bases": 680994,
  "encoder_cpu_s": 1.2103604959999994,
  "encoder_wall_s": 1.211293728556484,
  "genome_mb": 0.230218,
  "gff_bytes": 25518,
  "gff_out": "/tmp/lenin-scratch/fit/score-scale-060-v3/NC_001133.9_seg19_ov4096_w12288_float64.gff3",
  "gff_rows": 360,
  "gpu_s_per_mb": null,
  "io_cpu_s": 0.008375594000000042,
  "io_wall_s": 0.008376067038625479,
  "margin": 491,
  "min_intron": 20,
  "oriented_bases": 607892,
  "output_cpu_s": 0.0006593249999999884,
  "output_wall_s": 0.0006598080508410931,
  "outputs_discarded": false,
  "overlap": 4096,
  "peak_device_mem_gib": null,
  "peak_host_rss_gib": 0.9578323364257812,
  "pooled_decoder": "learned",
  "preprocess_cpu_s": 0.03556666099999761,
  "preprocess_wall_s": 0.03558075614273548,
  "profile": "chromosome",
  "seam_rebase": false,
  "segments": 19,
  "seqid": "NC_001133.9",
  "sequence_bases": 230218,
  "source": {
    "source_dirs": [
      "model/a",
      "model/grammar"
    ],
    "source_dirty": false,
    "source_dirty_files": [],
    "source_files": 20,
    "source_sha256": "66e3e86a43db80b11600ea308dfedc90b789b61b8b4ec6f86893f005f83e5190"
  },
  "species": "Saccharomyces_cerevisiae",
  "splice_pwm": "/tmp/lenin-scratch/fit/pwm-v1/splicepwm.json",
  "splice_pwm_scale": 0.6,
  "splice_pwm_sha256": "a964e3e64c1ee3386fa421d7a9fd9630b29dbc3bb94fb08f41288e6bcb5a4f3a",
  "splice_pwm_sites": [
    67325,
    67325
  ],
  "splice_pwm_spans": {
    "acceptor": [
      -20,
      3
    ],
    "donor": [
      -3,
      6
    ]
  },
  "splice_pwm_weighting": "pooled",
  "strands": "+-",
  "tiles": 76,
  "wall_s": 2.9356946516782045,
  "wall_s_per_mb": 12.751803298083574,
  "window": 12288,
  "windows": 38
}
