{
  "chains": 1832,
  "chains_decoded": 2769,
  "commit": "92ddafdc747ae2348e0738748b8bfe13c3959633",
  "cpu_s": 7.463762359999996,
  "cpu_s_per_mb": 32.42041178361377,
  "cpu_s_per_oriented_mb": 10.95003427129485,
  "decode_batch": 16,
  "decode_cpu_s": 3.651196057,
  "decode_wall_s": 3.651374414563179,
  "decoder": "tensor",
  "device": "cpu",
  "encoder_cpu_s": 1.2462980919999955,
  "encoder_wall_s": 1.2474358044564724,
  "genome_mb": 0.230218,
  "gff_bytes": 469636,
  "gff_out": "/tmp/lenin-scratch/chrom2/chrI_ov4096_b16_w12288.gff3",
  "gff_rows": 6544,
  "gpu_s_per_mb": null,
  "io_cpu_s": 0.008284123000001031,
  "io_wall_s": 0.008284727111458778,
  "min_intron": 20,
  "oriented_bases": 681620,
  "output_cpu_s": 0.00870242099999885,
  "output_wall_s": 0.008704802487045527,
  "outputs_discarded": false,
  "overlap": 4096,
  "peak_device_mem_gib": null,
  "peak_host_rss_gib": 0.7415657043457031,
  "pooled_decoder": "learned",
  "preprocess_cpu_s": 2.5492816670000007,
  "preprocess_wall_s": 2.549470674712211,
  "profile": "chromosome",
  "seqid": "NC_001133.9",
  "sequence_bases": 230218,
  "source": {
    "source_dirs": [
      "model/a",
      "model/grammar"
    ],
    "source_dirty": false,
    "source_dirty_files": [],
    "source_files": 19,
    "source_sha256": "d005bb5f2d1d712da9617e41b748dffc65206e8c2f377b891ae0075307305108"
  },
  "species": "Saccharomyces_cerevisiae",
  "strands": "+-",
  "wall_s": 7.465270423330367,
  "wall_s_per_mb": 32.426962371883896,
  "window": 12288,
  "windows": 56
}
