{
  "chains": 1832,
  "chains_decoded": 2343,
  "commit": "87bb3a146b7ad17d84f5e7a9c238c494197b6b12",
  "cpu_s": 2.8306059329999997,
  "cpu_s_per_mb": 12.295328484306179,
  "cpu_s_per_oriented_mb": 4.656428992321004,
  "decode_batch": 16,
  "decode_cpu_s": 1.614890887999997,
  "decode_wall_s": 1.6149669401347637,
  "decoder": "tensor",
  "device": "cpu",
  "encoder_cpu_s": 1.1671161870000017,
  "encoder_wall_s": 1.167505303863436,
  "genome_mb": 0.230218,
  "gff_bytes": 469982,
  "gff_out": "/tmp/lenin-scratch/chrom8/chrI_seg19_ov4096_w12288.gff3",
  "gff_rows": 6549,
  "gpu_s_per_mb": null,
  "io_cpu_s": 0.008567796999999988,
  "io_wall_s": 0.008568454533815384,
  "min_intron": 20,
  "oriented_bases": 607892,
  "output_cpu_s": 0.007860351999999793,
  "output_wall_s": 0.007861114107072353,
  "outputs_discarded": false,
  "overlap": 4096,
  "peak_device_mem_gib": null,
  "peak_host_rss_gib": 0.9550361633300781,
  "pooled_decoder": "learned",
  "preprocess_cpu_s": 0.032170709000001185,
  "preprocess_wall_s": 0.032182469964027405,
  "profile": "chromosome",
  "segments": 19,
  "seqid": "NC_001133.9",
  "sequence_bases": 230218,
  "source": {
    "source_dirs": [
      "model/a",
      "model/grammar"
    ],
    "source_dirty": false,
    "source_dirty_files": [],
    "source_files": 19,
    "source_sha256": "6c24434c5e162c40deade225ae950f9a8a98f9a19418e007dc57d74eff5bf480"
  },
  "species": "Saccharomyces_cerevisiae",
  "strands": "+-",
  "tiles": 76,
  "wall_s": 2.831084282603115,
  "wall_s_per_mb": 12.297406295785363,
  "window": 12288,
  "windows": 38
}
