{
  "chains": 3435,
  "chains_decoded": 3501,
  "commit": "98c832c7f6edd07f73d57107ca347679a3780d3e",
  "cpu_s": 40.311813684,
  "cpu_s_per_mb": 8.879637465405995,
  "cpu_s_per_oriented_mb": 4.368866812238433,
  "decode_batch": 16,
  "decode_cpu_s": 22.93587514600017,
  "decode_wall_s": 22.93927824497223,
  "decoder": "tensor",
  "device": "cpu",
  "dtype": "float64",
  "encoded_bases": 9974338,
  "encoder_cpu_s": 16.824489013999887,
  "encoder_wall_s": 16.850842256098986,
  "genome_mb": 4.539804,
  "gff_bytes": 809723,
  "gff_out": "/tmp/lenin-scratch/pombe/A-v2/NC_003423.3_seg19_ov4096_w12288.gff3",
  "gff_rows": 10796,
  "gpu_s_per_mb": null,
  "io_cpu_s": 0.05753464499999994,
  "io_wall_s": 0.05755487410351634,
  "margin": 491,
  "min_intron": 20,
  "oriented_bases": 9227064,
  "output_cpu_s": 0.013226055999993491,
  "output_wall_s": 0.01322695892304182,
  "outputs_discarded": false,
  "overlap": 4096,
  "peak_device_mem_gib": null,
  "peak_host_rss_gib": 1.2430229187011719,
  "pooled_decoder": "learned",
  "preprocess_cpu_s": 0.4806888229999444,
  "preprocess_wall_s": 0.4815374305471778,
  "profile": "chromosome",
  "seam_rebase": false,
  "segments": 19,
  "seqid": "NC_003423.3",
  "sequence_bases": 4539804,
  "source": {
    "source_dirs": [
      "model/a",
      "model/grammar"
    ],
    "source_dirty": false,
    "source_dirty_files": [],
    "source_files": 19,
    "source_sha256": "56e472d1a8952a085e4be5de36393ae52602e910c717a58b56c996687f7573c7"
  },
  "species": "Schizosaccharomyces_pombe",
  "strands": "+-",
  "tiles": 760,
  "wall_s": 40.34243976464495,
  "wall_s_per_mb": 8.886383589389531,
  "window": 12288,
  "windows": 38
}
