{
  "chains": 4229,
  "chains_decoded": 4282,
  "commit": "98c832c7f6edd07f73d57107ca347679a3780d3e",
  "cpu_s": 49.697728491,
  "cpu_s_per_mb": 8.907787014756595,
  "cpu_s_per_oriented_mb": 4.395803159762818,
  "decode_batch": 16,
  "decode_cpu_s": 28.232405764000077,
  "decode_wall_s": 28.25610190955922,
  "decoder": "tensor",
  "device": "cpu",
  "dtype": "float64",
  "encoded_bases": 12242256,
  "encoder_cpu_s": 20.806352250999993,
  "encoder_wall_s": 20.81152195762843,
  "genome_mb": 5.579133,
  "gff_bytes": 999746,
  "gff_out": "/tmp/lenin-scratch/pombe/A-v2/NC_003424.3_seg19_ov4096_w12288.gff3",
  "gff_rows": 13307,
  "gpu_s_per_mb": null,
  "io_cpu_s": 0.03693107000000012,
  "io_wall_s": 0.03693310730159283,
  "margin": 491,
  "min_intron": 20,
  "oriented_bases": 11305722,
  "output_cpu_s": 0.015927955999998744,
  "output_wall_s": 0.015928925946354866,
  "outputs_discarded": false,
  "overlap": 4096,
  "peak_device_mem_gib": null,
  "peak_host_rss_gib": 1.3118400573730469,
  "pooled_decoder": "learned",
  "preprocess_cpu_s": 0.6061114499999292,
  "preprocess_wall_s": 0.6065301108174026,
  "profile": "chromosome",
  "seam_rebase": false,
  "segments": 19,
  "seqid": "NC_003424.3",
  "sequence_bases": 5579133,
  "source": {
    "source_dirs": [
      "model/a",
      "model/grammar"
    ],
    "source_dirty": false,
    "source_dirty_files": [],
    "source_files": 19,
    "source_sha256": "56e472d1a8952a085e4be5de36393ae52602e910c717a58b56c996687f7573c7"
  },
  "species": "Schizosaccharomyces_pombe",
  "strands": "+-",
  "tiles": 950,
  "wall_s": 49.727016011253,
  "wall_s_per_mb": 8.913036489944405,
  "window": 12288,
  "windows": 38
}
