{
  "chains": 53243,
  "chains_decoded": 53958,
  "commit": "cb2b27d6ff14d1bde73f36560321cff10f310ddb",
  "cpu_s": 51.17758998099999,
  "cpu_s_per_mb": 9.173036380563072,
  "cpu_s_per_oriented_mb": 4.526698072091282,
  "decode_batch": 16,
  "decode_cpu_s": 29.47103448999995,
  "decode_wall_s": 29.480229603126645,
  "decoder": "tensor",
  "device": "cpu",
  "encoded_bases": 12242256,
  "encoder_cpu_s": 20.75978453899996,
  "encoder_wall_s": 20.76667235745117,
  "genome_mb": 5.579133,
  "gff_bytes": 14526121,
  "gff_out": "/tmp/lenin-scratch/pombe/A/NC_003424.3_seg19_ov4096_w12288.gff3",
  "gff_rows": 191731,
  "gpu_s_per_mb": null,
  "io_cpu_s": 0.03669710899999984,
  "io_wall_s": 0.036717893090099096,
  "margin": 491,
  "min_intron": 20,
  "oriented_bases": 11305722,
  "output_cpu_s": 0.30011123099999537,
  "output_wall_s": 0.3001423659734428,
  "outputs_discarded": false,
  "overlap": 4096,
  "peak_device_mem_gib": null,
  "peak_host_rss_gib": 1.306640625,
  "pooled_decoder": "learned",
  "preprocess_cpu_s": 0.6099626120000892,
  "preprocess_wall_s": 0.6104385792277753,
  "profile": "chromosome",
  "segments": 19,
  "seqid": "NC_003424.3",
  "sequence_bases": 5579133,
  "source": {
    "source_dirs": [
      "model/a",
      "model/grammar"
    ],
    "source_dirty": false,
    "source_dirty_files": [],
    "source_files": 19,
    "source_sha256": "28b98e8487af41fa37d67e4326d72f8dba9ea442cc8c8339990bf3582c72350f"
  },
  "species": "Schizosaccharomyces_pombe",
  "strands": "+-",
  "tiles": 950,
  "wall_s": 51.19420079886913,
  "wall_s_per_mb": 9.176013692247368,
  "window": 12288,
  "windows": 38
}
