{
  "chains": 53243,
  "chains_decoded": 53243,
  "commit": "cb2b27d6ff14d1bde73f36560321cff10f310ddb",
  "cpu_s": 224.00720482900002,
  "cpu_s_per_mb": 40.150898863497254,
  "cpu_s_per_oriented_mb": 20.075449431748627,
  "decode_batch": 16,
  "decode_cpu_s": 202.04012544799937,
  "decode_wall_s": 202.14960824139416,
  "decoder": "tensor",
  "device": "cpu",
  "encoded_bases": 12050610,
  "encoder_cpu_s": 20.874295536999995,
  "encoder_wall_s": 20.881245174910873,
  "genome_mb": 5.579133,
  "gff_bytes": 14526121,
  "gff_out": "/tmp/lenin-scratch/pombe/A/NC_003424.3_seg1_ov4096_w12288.gff3",
  "gff_rows": 191731,
  "gpu_s_per_mb": null,
  "io_cpu_s": 0.03644293999999998,
  "io_wall_s": 0.03644852992147207,
  "margin": 491,
  "min_intron": 20,
  "oriented_bases": 11158266,
  "output_cpu_s": 0.39703481000000806,
  "output_wall_s": 0.39735513599589467,
  "outputs_discarded": false,
  "overlap": 4096,
  "peak_device_mem_gib": null,
  "peak_host_rss_gib": 1.4923667907714844,
  "pooled_decoder": "learned",
  "preprocess_cpu_s": 0.659306094000641,
  "preprocess_wall_s": 0.6598802166990936,
  "profile": "chromosome",
  "segments": 1,
  "seqid": "NC_003424.3",
  "sequence_bases": 5579133,
  "source": {
    "source_dirs": [
      "model/a",
      "model/grammar"
    ],
    "source_dirty": false,
    "source_dirty_files": [],
    "source_files": 19,
    "source_sha256": "28b98e8487af41fa37d67e4326d72f8dba9ea442cc8c8339990bf3582c72350f"
  },
  "species": "Schizosaccharomyces_pombe",
  "strands": "+-",
  "tiles": 910,
  "wall_s": 224.1245372989215,
  "wall_s_per_mb": 40.17192945551244,
  "window": 12288,
  "windows": 2
}
