{
  "chains": 24565,
  "chains_decoded": 24565,
  "commit": "cb2b27d6ff14d1bde73f36560321cff10f310ddb",
  "cpu_s": 99.08774216100001,
  "cpu_s_per_mb": 40.39644049920033,
  "cpu_s_per_oriented_mb": 20.198220249600165,
  "decode_batch": 16,
  "decode_cpu_s": 89.31053708200018,
  "decode_wall_s": 89.33379966439679,
  "decoder": "tensor",
  "device": "cpu",
  "encoded_bases": 5297000,
  "encoder_cpu_s": 9.273260631999946,
  "encoder_wall_s": 9.276222745887935,
  "genome_mb": 2.452883,
  "gff_bytes": 6588029,
  "gff_out": "/tmp/lenin-scratch/pombe/A/NC_003421.2_seg1_ov4096_w12288.gff3",
  "gff_rows": 87793,
  "gpu_s_per_mb": null,
  "io_cpu_s": 0.06167863299999998,
  "io_wall_s": 0.061693076975643635,
  "margin": 491,
  "min_intron": 20,
  "oriented_bases": 4905766,
  "output_cpu_s": 0.15119009200000733,
  "output_wall_s": 0.15119385812431574,
  "outputs_discarded": false,
  "overlap": 4096,
  "peak_device_mem_gib": null,
  "peak_host_rss_gib": 0.8275070190429688,
  "pooled_decoder": "learned",
  "preprocess_cpu_s": 0.2910757219998743,
  "preprocess_wall_s": 0.2913502217270434,
  "profile": "chromosome",
  "segments": 1,
  "seqid": "NC_003421.2",
  "sequence_bases": 2452883,
  "source": {
    "source_dirs": [
      "model/a",
      "model/grammar"
    ],
    "source_dirty": false,
    "source_dirty_files": [],
    "source_files": 19,
    "source_sha256": "28b98e8487af41fa37d67e4326d72f8dba9ea442cc8c8339990bf3582c72350f"
  },
  "species": "Schizosaccharomyces_pombe",
  "strands": "+-",
  "tiles": 400,
  "wall_s": 99.11425956711173,
  "wall_s_per_mb": 40.40725120892914,
  "window": 12288,
  "windows": 2
}
