{
  "chains": 44129,
  "chains_decoded": 44803,
  "commit": "cb2b27d6ff14d1bde73f36560321cff10f310ddb",
  "cpu_s": 41.78710837899999,
  "cpu_s_per_mb": 9.204606273530748,
  "cpu_s_per_oriented_mb": 4.528754583148007,
  "decode_batch": 16,
  "decode_cpu_s": 23.998807854000006,
  "decode_wall_s": 24.00499040307477,
  "decoder": "tensor",
  "device": "cpu",
  "encoded_bases": 9974338,
  "encoder_cpu_s": 16.964642449999978,
  "encoder_wall_s": 16.993104208260775,
  "genome_mb": 4.539804,
  "gff_bytes": 12011303,
  "gff_out": "/tmp/lenin-scratch/pombe/A/NC_003423.3_seg19_ov4096_w12288.gff3",
  "gff_rows": 158828,
  "gpu_s_per_mb": null,
  "io_cpu_s": 0.054352095000000045,
  "io_wall_s": 0.054361806716769934,
  "margin": 491,
  "min_intron": 20,
  "oriented_bases": 9227064,
  "output_cpu_s": 0.277268332999995,
  "output_wall_s": 0.2774940892122686,
  "outputs_discarded": false,
  "overlap": 4096,
  "peak_device_mem_gib": null,
  "peak_host_rss_gib": 1.2436676025390625,
  "pooled_decoder": "learned",
  "preprocess_cpu_s": 0.49203764700001074,
  "preprocess_wall_s": 0.49281493946909904,
  "profile": "chromosome",
  "segments": 19,
  "seqid": "NC_003423.3",
  "sequence_bases": 4539804,
  "source": {
    "source_dirs": [
      "model/a",
      "model/grammar"
    ],
    "source_dirty": false,
    "source_dirty_files": [],
    "source_files": 19,
    "source_sha256": "28b98e8487af41fa37d67e4326d72f8dba9ea442cc8c8339990bf3582c72350f"
  },
  "species": "Schizosaccharomyces_pombe",
  "strands": "+-",
  "tiles": 760,
  "wall_s": 41.82276544673368,
  "wall_s_per_mb": 9.212460592292901,
  "window": 12288,
  "windows": 38
}
