{
  "chains": 662,
  "chains_decoded": 881,
  "commit": "ddcec442328be248aa8b7bc1214bd45abd69b180",
  "cpu_s": 2.944794302,
  "cpu_s_per_mb": 12.79132953114005,
  "cpu_s_per_oriented_mb": 4.84427217663664,
  "decode_batch": 16,
  "decode_cpu_s": 1.596959959999999,
  "decode_wall_s": 1.5968801178969443,
  "decoder": "tensor",
  "device": "cpu",
  "dtype": "float64",
  "encoded_bases": 680994,
  "encoder_cpu_s": 1.2996108080000002,
  "encoder_wall_s": 1.299726031254977,
  "genome_mb": 0.230218,
  "gff_bytes": 164285,
  "gff_out": "/tmp/lenin-scratch/fit/score-dry/NC_001133.9_seg19_ov4096_w12288_float64.gff3",
  "gff_rows": 2309,
  "gpu_s_per_mb": null,
  "io_cpu_s": 0.008713428999999995,
  "io_wall_s": 0.008713995572179556,
  "margin": 491,
  "min_intron": 20,
  "oriented_bases": 607892,
  "output_cpu_s": 0.003201793999999758,
  "output_wall_s": 0.0032022660598158836,
  "outputs_discarded": false,
  "overlap": 4096,
  "peak_device_mem_gib": null,
  "peak_host_rss_gib": 0.9579658508300781,
  "pooled_decoder": "learned",
  "preprocess_cpu_s": 0.03630831100000087,
  "preprocess_wall_s": 0.036324032582342625,
  "profile": "chromosome",
  "seam_rebase": false,
  "segments": 19,
  "seqid": "NC_001133.9",
  "sequence_bases": 230218,
  "source": {
    "source_dirs": [
      "model/a",
      "model/grammar"
    ],
    "source_dirty": false,
    "source_dirty_files": [],
    "source_files": 19,
    "source_sha256": "87126ad33214a1deaf223b13b82ea2083ee6008e9c8b45bbec475fedfe8fbc55"
  },
  "species": "Saccharomyces_cerevisiae",
  "strands": "+-",
  "tiles": 76,
  "wall_s": 2.9448464433662593,
  "wall_s_per_mb": 12.791556018062268,
  "window": 12288,
  "windows": 38
}
