{
  "chains": 1832,
  "chains_decoded": 2769,
  "commit": "6cae82f82bd046a3105ad2899b39224df9e65976",
  "cpu_s": 3.7237668789999976,
  "cpu_s_per_mb": 16.17495972947379,
  "cpu_s_per_oriented_mb": 5.463112700624978,
  "decode_batch": 64,
  "decode_cpu_s": 2.3754586219999996,
  "decode_wall_s": 2.375616359524429,
  "decoder": "tensor",
  "device": "cpu",
  "encoder_cpu_s": 1.295839335999999,
  "encoder_wall_s": 1.3330631908029318,
  "genome_mb": 0.230218,
  "gff_bytes": 469636,
  "gff_out": "/tmp/lenin-scratch/chrom4/chrI_ov4096_b64_w12288.gff3",
  "gff_rows": 6544,
  "gpu_s_per_mb": null,
  "io_cpu_s": 0.0089141899999996,
  "io_wall_s": 0.00891478918492794,
  "min_intron": 20,
  "oriented_bases": 681620,
  "output_cpu_s": 0.008336765000000135,
  "output_wall_s": 0.008338473737239838,
  "outputs_discarded": false,
  "overlap": 4096,
  "peak_device_mem_gib": null,
  "peak_host_rss_gib": 0.7207221984863281,
  "pooled_decoder": "learned",
  "preprocess_cpu_s": 0.03521796599999938,
  "preprocess_wall_s": 0.035250139888376,
  "profile": "chromosome",
  "seqid": "NC_001133.9",
  "sequence_bases": 230218,
  "source": {
    "source_dirs": [
      "model/a",
      "model/grammar"
    ],
    "source_dirty": false,
    "source_dirty_files": [],
    "source_files": 19,
    "source_sha256": "3b37e46edef944bcc4cf07ee345751f765be40c0fda35d4f372da46a63887807"
  },
  "species": "Saccharomyces_cerevisiae",
  "strands": "+-",
  "wall_s": 3.7611829531379044,
  "wall_s_per_mb": 16.337484267684996,
  "window": 12288,
  "windows": 56
}
