{
  "chains": 1832,
  "chains_decoded": 2180,
  "commit": "6cae82f82bd046a3105ad2899b39224df9e65976",
  "cpu_s": 3.685095156999999,
  "cpu_s_per_mb": 16.006981022335346,
  "cpu_s_per_oriented_mb": 6.693503848892374,
  "decode_batch": 16,
  "decode_cpu_s": 2.652331309,
  "decode_wall_s": 2.7131729358807206,
  "decoder": "tensor",
  "device": "cpu",
  "encoder_cpu_s": 0.9868074399999998,
  "encoder_wall_s": 0.9869767455384135,
  "genome_mb": 0.230218,
  "gff_bytes": 470263,
  "gff_out": "/tmp/lenin-scratch/chrom4/chrI_ov2048_b16_w12288.gff3",
  "gff_rows": 6553,
  "gpu_s_per_mb": null,
  "io_cpu_s": 0.008898298000000082,
  "io_wall_s": 0.008898891042917967,
  "min_intron": 20,
  "oriented_bases": 550548,
  "output_cpu_s": 0.00889894299999927,
  "output_wall_s": 0.008901511318981647,
  "outputs_discarded": false,
  "overlap": 2048,
  "peak_device_mem_gib": null,
  "peak_host_rss_gib": 0.544158935546875,
  "pooled_decoder": "learned",
  "preprocess_cpu_s": 0.028159166999999652,
  "preprocess_wall_s": 0.028187932912260294,
  "profile": "chromosome",
  "seqid": "NC_001133.9",
  "sequence_bases": 230218,
  "source": {
    "source_dirs": [
      "model/a",
      "model/grammar"
    ],
    "source_dirty": false,
    "source_dirty_files": [],
    "source_files": 19,
    "source_sha256": "3b37e46edef944bcc4cf07ee345751f765be40c0fda35d4f372da46a63887807"
  },
  "species": "Saccharomyces_cerevisiae",
  "strands": "+-",
  "wall_s": 3.746138016693294,
  "wall_s_per_mb": 16.27213344175214,
  "window": 12288,
  "windows": 46
}
