{
  "chains": 208796,
  "chains_decoded": 208796,
  "commit": "d78114c70fb7424106420df87c5269da2fb2aeaf",
  "cpu_s": 884.3757497780001,
  "cpu_s_per_mb": 42.26573035492909,
  "cpu_s_per_oriented_mb": 21.132865177464545,
  "decode_batch": 16,
  "decode_cpu_s": 796.6639192020016,
  "decode_wall_s": 796.9779590591788,
  "decoder": "tensor",
  "device": "cpu",
  "dtype": "float64",
  "encoded_bases": 45194492,
  "encoder_cpu_s": 82.53555209600029,
  "encoder_wall_s": 82.58616694202647,
  "genome_mb": 20.92418,
  "gff_bytes": 61768224,
  "gff_out": "/tmp/lenin-scratch/elegans/A/NC_003283.11_seg1_ov16384_w12288_float64.gff3",
  "gff_rows": 775174,
  "gpu_s_per_mb": null,
  "io_cpu_s": 0.4635094500000003,
  "io_wall_s": 0.4635493326932192,
  "margin": 491,
  "min_intron": 20,
  "oriented_bases": 41848360,
  "output_cpu_s": 2.0495534190000626,
  "output_wall_s": 2.0501875868067145,
  "outputs_discarded": false,
  "overlap": 16384,
  "peak_device_mem_gib": null,
  "peak_host_rss_gib": 4.867805480957031,
  "pooled_decoder": "learned",
  "preprocess_cpu_s": 2.6632156109981224,
  "preprocess_wall_s": 2.665077714715153,
  "profile": "chromosome",
  "seam_rebase": false,
  "segments": 1,
  "seqid": "NC_003283.11",
  "sequence_bases": 20924180,
  "source": {
    "source_dirs": [
      "model/a",
      "model/grammar"
    ],
    "source_dirty": false,
    "source_dirty_files": [],
    "source_files": 19,
    "source_sha256": "96daf90592115c7fab4ac4c802ad892db070c2ac27d52b73561c2e0500c6a3a1"
  },
  "species": "Caenorhabditis_elegans",
  "strands": "+-",
  "tiles": 3406,
  "wall_s": 884.7429406354204,
  "wall_s_per_mb": 42.28327899279304,
  "window": 12288,
  "windows": 2
}
